{
	"text/guten/1400-0.txt": 187368,
	"text/guten/50468-0.txt": 10969,
	"text/guten/pg1228.txt": 157344,
	"text/guten/pg1322.txt": 124370,
	"text/guten/pg1661.txt": 107396,
	"text/guten/pg22577.txt": 63630,
	"text/guten/pg37134.txt": 16696,
	"text/rfcs/rfc475.txt": 3228,
	"text/rfcs/rfc5646.txt": 27075,
	"text/rfcs/rfc6805.txt": 9785,
	"text/rfcs/rfc6838.txt": 9367,
	"text/rfcs/rfc7231.txt": 28811,
	"text/simple/.txt/hidden.txt": 1,
	"text/simple/a/b/c/d/subdir.txt": 1,
	"text/simple/animals.text": 11,
	"text/simple/animals_copy.text": 11,
	"text/simple/animals_double.text": 22,
	"text/simple/capital_extension.TXT": 1,
	"text/simple/capitals.txt": 4,
	"text/simple/digits.txt": 2,
	"text/simple/dir.txt/findme.Txt": 17,
	"text/simple/hello.txt": 6,
	"text/simple/position.teXt": 20,
	"text/simple/symbols.txt": 10,
	"text/simple/words.tExT": 24
}