{
	"aardvark": {
		"text/simple/digits.txt": [
			1,
			2
		]
	},
	"alpaca": {
		"text/simple/a/b/c/d/subdir.txt": [
			1
		]
	},
	"antelop": {
		"text/simple/symbols.txt": [
			1,
			2,
			3,
			4,
			5,
			6,
			7,
			8,
			9,
			10
		]
	},
	"axolotl": {
		"text/simple/animals.text": [
			7
		],
		"text/simple/animals_copy.text": [
			7
		],
		"text/simple/animals_double.text": [
			7,
			18
		]
	},
	"capybara": {
		"text/simple/capital_extension.TXT": [
			1
		]
	},
	"echidna": {
		"text/simple/animals.text": [
			10
		],
		"text/simple/animals_copy.text": [
			10
		],
		"text/simple/animals_double.text": [
			10,
			21
		]
	},
	"eight": {
		"text/simple/position.teXt": [
			8
		]
	},
	"eighteen": {
		"text/simple/position.teXt": [
			18
		]
	},
	"eleph": {
		"text/simple/capitals.txt": [
			1,
			2,
			3,
			4
		]
	},
	"eleven": {
		"text/simple/position.teXt": [
			11
		]
	},
	"fifteen": {
		"text/simple/position.teXt": [
			15
		]
	},
	"five": {
		"text/simple/position.teXt": [
			5
		]
	},
	"four": {
		"text/simple/position.teXt": [
			4
		]
	},
	"fourteen": {
		"text/simple/position.teXt": [
			14
		]
	},
	"hello": {
		"text/simple/hello.txt": [
			1,
			3,
			5
		]
	},
	"hidden": {
		"text/simple/.txt/hidden.txt": [
			1
		]
	},
	"lori": {
		"text/simple/animals.text": [
			4,
			5,
			6
		],
		"text/simple/animals_copy.text": [
			4,
			5,
			6
		],
		"text/simple/animals_double.text": [
			4,
			5,
			6,
			15,
			16,
			17
		]
	},
	"mongoos": {
		"text/simple/animals.text": [
			3
		],
		"text/simple/animals_copy.text": [
			3
		],
		"text/simple/animals_double.text": [
			3,
			14
		]
	},
	"narwhal": {
		"text/simple/animals.text": [
			8
		],
		"text/simple/animals_copy.text": [
			8
		],
		"text/simple/animals_double.text": [
			8,
			19
		]
	},
	"nine": {
		"text/simple/position.teXt": [
			9
		]
	},
	"nineteen": {
		"text/simple/position.teXt": [
			19
		]
	},
	"observ": {
		"text/simple/words.tExT": [
			2,
			4,
			5,
			6,
			7,
			8,
			9,
			10,
			11,
			12,
			13
		]
	},
	"observa": {
		"text/simple/words.tExT": [
			1
		]
	},
	"observacion": {
		"text/simple/words.tExT": [
			3
		]
	},
	"okapi": {
		"text/simple/animals.text": [
			1,
			2
		],
		"text/simple/animals_copy.text": [
			1,
			2
		],
		"text/simple/animals_double.text": [
			1,
			2,
			12,
			13
		]
	},
	"one": {
		"text/simple/position.teXt": [
			1
		]
	},
	"perfor": {
		"text/simple/words.tExT": [
			14,
			15
		]
	},
	"perforc": {
		"text/simple/words.tExT": [
			16
		]
	},
	"perform": {
		"text/simple/words.tExT": [
			17,
			18,
			19,
			20,
			21,
			22,
			23,
			24
		]
	},
	"platypus": {
		"text/simple/animals.text": [
			9
		],
		"text/simple/animals_copy.text": [
			9
		],
		"text/simple/animals_double.text": [
			9,
			20
		]
	},
	"practi": {
		"text/simple/dir.txt/findme.Txt": [
			8
		]
	},
	"practic": {
		"text/simple/dir.txt/findme.Txt": [
			1,
			2,
			3,
			4,
			5,
			6,
			7
		]
	},
	"practis": {
		"text/simple/dir.txt/findme.Txt": [
			9,
			10,
			11,
			12,
			13,
			14,
			15
		]
	},
	"practition": {
		"text/simple/dir.txt/findme.Txt": [
			16,
			17
		]
	},
	"seven": {
		"text/simple/position.teXt": [
			7
		]
	},
	"seventeen": {
		"text/simple/position.teXt": [
			17
		]
	},
	"six": {
		"text/simple/position.teXt": [
			6
		]
	},
	"sixteen": {
		"text/simple/position.teXt": [
			16
		]
	},
	"tarsier": {
		"text/simple/animals.text": [
			11
		],
		"text/simple/animals_copy.text": [
			11
		],
		"text/simple/animals_double.text": [
			11,
			22
		]
	},
	"ten": {
		"text/simple/position.teXt": [
			10
		]
	},
	"thirteen": {
		"text/simple/position.teXt": [
			13
		]
	},
	"three": {
		"text/simple/position.teXt": [
			3
		]
	},
	"twelv": {
		"text/simple/position.teXt": [
			12
		]
	},
	"twenti": {
		"text/simple/position.teXt": [
			20
		]
	},
	"two": {
		"text/simple/position.teXt": [
			2
		]
	},
	"world": {
		"text/simple/hello.txt": [
			2,
			4,
			6
		]
	}
}