{
	"hello": {
		"text/simple/hello.txt": [
			1,
			3,
			5
		]
	},
	"world": {
		"text/simple/hello.txt": [
			2,
			4,
			6
		]
	}
}