{
	"aardvark": {
		"text/simple/digits.txt": [
			1,
			2
		]
	}
}