{
	"eight": {
		"text/simple/position.teXt": [
			8
		]
	},
	"eighteen": {
		"text/simple/position.teXt": [
			18
		]
	},
	"eleven": {
		"text/simple/position.teXt": [
			11
		]
	},
	"fifteen": {
		"text/simple/position.teXt": [
			15
		]
	},
	"five": {
		"text/simple/position.teXt": [
			5
		]
	},
	"four": {
		"text/simple/position.teXt": [
			4
		]
	},
	"fourteen": {
		"text/simple/position.teXt": [
			14
		]
	},
	"nine": {
		"text/simple/position.teXt": [
			9
		]
	},
	"nineteen": {
		"text/simple/position.teXt": [
			19
		]
	},
	"one": {
		"text/simple/position.teXt": [
			1
		]
	},
	"seven": {
		"text/simple/position.teXt": [
			7
		]
	},
	"seventeen": {
		"text/simple/position.teXt": [
			17
		]
	},
	"six": {
		"text/simple/position.teXt": [
			6
		]
	},
	"sixteen": {
		"text/simple/position.teXt": [
			16
		]
	},
	"ten": {
		"text/simple/position.teXt": [
			10
		]
	},
	"thirteen": {
		"text/simple/position.teXt": [
			13
		]
	},
	"three": {
		"text/simple/position.teXt": [
			3
		]
	},
	"twelv": {
		"text/simple/position.teXt": [
			12
		]
	},
	"twenti": {
		"text/simple/position.teXt": [
			20
		]
	},
	"two": {
		"text/simple/position.teXt": [
			2
		]
	}
}