{
	"observ": {
		"text/simple/words.tExT": [
			2,
			4,
			5,
			6,
			7,
			8,
			9,
			10,
			11,
			12,
			13
		]
	},
	"observa": {
		"text/simple/words.tExT": [
			1
		]
	},
	"observacion": {
		"text/simple/words.tExT": [
			3
		]
	},
	"perfor": {
		"text/simple/words.tExT": [
			14,
			15
		]
	},
	"perforc": {
		"text/simple/words.tExT": [
			16
		]
	},
	"perform": {
		"text/simple/words.tExT": [
			17,
			18,
			19,
			20,
			21,
			22,
			23,
			24
		]
	}
}