{
	"eleph": {
		"text/simple/capitals.txt": [
			1,
			2,
			3,
			4
		]
	}
}