{
	"a i": [
		{
			"where": "text/guten/pg1661.txt",
			"count": 5679,
			"score": 0.05287906
		}
	],
	"abcdefghijklmnopqrstuvwxyz": [
	],
	"ah am an as at": [
		{
			"where": "text/guten/pg1661.txt",
			"count": 2198,
			"score": 0.02046631
		}
	],
	"be by": [
		{
			"where": "text/guten/pg1661.txt",
			"count": 1059,
			"score": 0.00986070
		}
	],
	"do go no so to": [
		{
			"where": "text/guten/pg1661.txt",
			"count": 4058,
			"score": 0.03778539
		}
	],
	"hi": [
	],
	"if is it": [
		{
			"where": "text/guten/pg1661.txt",
			"count": 3259,
			"score": 0.03034564
		}
	],
	"me my": [
		{
			"where": "text/guten/pg1661.txt",
			"count": 1640,
			"score": 0.01527059
		}
	],
	"of on or": [
		{
			"where": "text/guten/pg1661.txt",
			"count": 3442,
			"score": 0.03204961
		}
	],
	"us": [
		{
			"where": "text/guten/pg1661.txt",
			"count": 186,
			"score": 0.00173191
		}
	],
	"we": [
		{
			"where": "text/guten/pg1661.txt",
			"count": 532,
			"score": 0.00495363
		}
	]
}