{
	"a i": [
		{
			"where": "text/guten/50468-0.txt",
			"count": 339,
			"score": 0.03090528
		}
	],
	"abcdefghijklmnopqrstuvwxyz": [
	],
	"ah am an as at": [
		{
			"where": "text/guten/50468-0.txt",
			"count": 198,
			"score": 0.01805087
		}
	],
	"be by": [
		{
			"where": "text/guten/50468-0.txt",
			"count": 224,
			"score": 0.02042119
		}
	],
	"do go no so to": [
		{
			"where": "text/guten/50468-0.txt",
			"count": 268,
			"score": 0.02443249
		}
	],
	"hi": [
	],
	"if is it": [
		{
			"where": "text/guten/50468-0.txt",
			"count": 359,
			"score": 0.03272860
		}
	],
	"me my": [
	],
	"of on or": [
		{
			"where": "text/guten/50468-0.txt",
			"count": 524,
			"score": 0.04777099
		}
	],
	"us": [
		{
			"where": "text/guten/50468-0.txt",
			"count": 10,
			"score": 0.00091166
		}
	],
	"we": [
		{
			"where": "text/guten/50468-0.txt",
			"count": 10,
			"score": 0.00091166
		}
	]
}